Traceback (most recent call last):
  File "C:\Users\HP\Downloads\ielts_ai_evaluator\ielts_ai_evaluator\test_speaking_direct.py", line 16, in <module>
    print(f"\u2705 API Key loaded: {bool(os.getenv('OPENAI_API_KEY'))}")
    ~~~~~^^^^^^^^^^^^^^^^^^^^^^^^^^^^^^^^^^^^^^^^^^^^^^^^^^^^^^^^^^^
  File "C:\Users\HP\AppData\Local\Python\pythoncore-3.14-64\Lib\encodings\cp1252.py", line 19, in encode
    return codecs.charmap_encode(input,self.errors,encoding_table)[0]
           ~~~~~~~~~~~~~~~~~~~~~^^^^^^^^^^^^^^^^^^^^^^^^^^^^^^^^^^
UnicodeEncodeError: 'charmap' codec can't encode character '\u2705' in position 0: character maps to <undefined>
